databaseRef
| tst.js:5:1:5:22 | fb.data ... ef('x') |
| tst.js:7:3:7:7 | x.ref |
| tst.js:7:3:7:14 | x.ref.parent |
| tst.js:10:1:10:25 | admin.d ... ef('x') |
| tst.js:12:3:12:7 | x.ref |
| tst.js:12:3:12:14 | x.ref.parent |
| tst.js:17:3:17:7 | x.ref |
| tst.js:17:3:17:14 | x.ref.parent |
| tst.js:23:3:23:7 | x.ref |
| tst.js:23:3:23:14 | x.ref.parent |
| tst.js:32:12:32:42 | this.fi ... .ref(x) |
| tst.js:46:12:46:42 | this.fi ... .ref(x) |
| tst.js:50:12:50:34 | this.ge ... hild(x) |
| tst.js:54:5:54:37 | this.fi ... ef('x') |
snapshot
| tst.js:5:1:8:2 | fb.data ... ent;\\n}) |
| tst.js:5:38:5:38 | x |
| tst.js:10:1:13:2 | admin.d ... ent;\\n}) |
| tst.js:10:41:10:41 | x |
| tst.js:15:38:15:38 | x |
| tst.js:20:38:20:38 | x |
| tst.js:21:3:21:10 | x.before |
| tst.js:22:3:22:9 | x.after |
| tst.js:50:12:50:48 | this.ge ... value') |
snapshotCallback
| tst.js:5:38:8:1 | x => {\\n ... rent;\\n} |
| tst.js:10:41:13:1 | x => {\\n ... rent;\\n} |
| tst.js:15:38:18:1 | x => {\\n ... rent;\\n} |
| tst.js:20:38:24:1 | x => {\\n ... rent;\\n} |
cloudNamespace_
| tst.js:3:8:3:21 | use (module npm:firebase-functions) |
cloudNamespace
| tst.js:3:8:3:21 | * as functions |
cloudDatabase
| tst.js:15:1:15:18 | functions.database |
| tst.js:20:1:20:18 | functions.database |
cloudRef
| tst.js:15:1:15:27 | functio ... ef('x') |
| tst.js:20:1:20:27 | functio ... ef('x') |
val
| tst.js:6:3:6:9 | x.val() |
| tst.js:11:3:11:9 | x.val() |
| tst.js:16:3:16:9 | x.val() |
| tst.js:21:3:21:16 | x.before.val() |
| tst.js:22:3:22:15 | x.after.val() |
| tst.js:61:36:61:36 | x |
requestInputAccess
| tst.js:72:52:72:65 | req.params.foo |
responseSendArgument
| tst.js:72:52:72:65 | req.params.foo |
routeHandler
| tst.js:72:27:72:69 | (req, r ... foo); } |
firebase
| tst.js:1:8:1:14 | * as fb |
| tst.js:2:8:2:17 | * as admin |
firebaseUse
| database | tst.js:5:1:5:13 | fb.database() |
| database | tst.js:10:1:10:16 | admin.database() |
| database | tst.js:68:20:68:32 | fb.database() |
| initializeApp | tst.js:42:21:42:38 | fb.initializeApp() |
| initializeApp | tst.js:58:21:58:38 | fb.initializeApp() |
